C:/Users/user/Desktop/Embedded Projects/STM32F411 Bare Metal Workspace/F4_chip_headers/CMSIS/Include/core_cm4.h:1688:22:__NVIC_EnableIRQ	16	static
../Src/uart.c:35:5:__io_putchar	16	static
../Src/uart.c:42:6:uart2_rxtx_init	8	static
../Src/uart.c:88:6:uart2_rx_interrupt_init	8	static
../Src/uart.c:140:6:uart2_tx_init	8	static
../Src/uart.c:174:6:uart2_read	4	static
../Src/uart.c:184:6:uart2_write	16	static
../Src/uart.c:196:13:uart_set_baudrate	24	static
../Src/uart.c:201:17:compute_uart_bd	16	static
